Host h200x8-01 using GPU 7: NVIDIA H200 NVL
Host h200x8-01 using GPU 6: NVIDIA H200 NVL
Host h200x8-01 using GPU 2: NVIDIA H200 NVL
Host h200x8-01 using GPU 1: NVIDIA H200 NVL
Host h200x8-01 using GPU 4: NVIDIA H200 NVL
Host h200x8-01 using GPU 5: NVIDIA H200 NVL
Host h200x8-01 using GPU 0: NVIDIA H200 NVL
Host h200x8-01 using GPU 3: NVIDIA H200 NVL
Running until t=0.010000, Problem size=80x80x80
   Used Memory         =  882.2500 Mb
Run completed:  
   Problem size        =  80 
   MPI tasks           =  8 
   Iteration count     =  200 
   Final Origin Energy = 1.229699e+08 
   Testing Plane 0 of Energy Array on rank 0:
        MaxAbsDiff   = 1.583248e-08
        TotalAbsDiff = 1.103019e-07
        MaxRelDiff   = 5.558623e-11


Elapsed time         =       0.19 (s)
Grind time (us/z/c)  = 0.0018993085 (per dom)  (0.00023741356 overall)
FOM                  =  4212059.3 (z/s)

